2026-05-02 18:20:29 [info     ] PythonSurface initialized      available=True timeout=30.0
2026-05-02 18:20:29 [debug    ] Plugin registered              plugin=python
2026-05-02 18:20:29 [info     ] PrologSurface initialized      available=True timeout=30.0
2026-05-02 18:20:29 [debug    ] Plugin registered              plugin=prolog
2026-05-02 18:20:29 [info     ] HySurface initialized          available=True timeout=30.0
2026-05-02 18:20:29 [debug    ] Plugin registered              plugin=hy
2026-05-02 18:20:29 [info     ] Z3Surface initialized          available=True timeout=30.0
2026-05-02 18:20:29 [debug    ] Plugin registered              plugin=z3
2026-05-02 18:20:29 [info     ] DatalogSurface initialized     available=True timeout=30.0
2026-05-02 18:20:29 [debug    ] Plugin registered              plugin=datalog
2026-05-02 18:20:29 [info     ] Built-in plugins registered    count=5
2026-05-02 18:20:29 [debug    ] entry-points package not available, skipping entry point discovery
2026-05-02 18:20:29 [info     ] Loaded skills from registry    component=skill_registry count=27
2026-05-02 18:20:29 [debug    ] Saved registry                 component=skill_registry skills_count=27
Failing (0):
