........................................................................ [ 32%]
